[    0.000000] Initializing cgroup subsys cpuset
[    0.000000] Initializing cgroup subsys cpu
[    0.000000] Initializing cgroup subsys cpuacct
[    0.000000] Linux version 4.4.0-109-generic (buildd@lgw01-amd64-038) (gcc version 5.4.0 20160609 (Ubuntu 5.4.0-6ubuntu1~16.04.5) ) #132-Ubuntu SMP Tue Jan 9 19:52:39 UTC 2018 (Ubuntu 4.4.0-109.132-generic 4.4.98)
[    0.000000] Command line: BOOT_IMAGE=/boot/vmlinuz-4.4.0-109-generic root=UUID=676eac73-81dc-4fbd-bdea-aebcbe447240 ro console=tty1 console=ttyS0
[    0.000000] KERNEL supported cpus:
[    0.000000]   Intel GenuineIntel
[    0.000000]   AMD AuthenticAMD
[    0.000000]   Centaur CentaurHauls
[    0.000000] x86/fpu: xstate_offset[2]:  576, xstate_sizes[2]:  256
[    0.000000] x86/fpu: Supporting XSAVE feature 0x01: 'x87 floating point registers'
[    0.000000] x86/fpu: Supporting XSAVE feature 0x02: 'SSE registers'
[    0.000000] x86/fpu: Supporting XSAVE feature 0x04: 'AVX registers'
[    0.000000] x86/fpu: Enabled xstate features 0x7, context size is 832 bytes, using 'standard' format.
[    0.000000] x86/fpu: Using 'lazy' FPU context switches.
[    0.000000] e820: BIOS-provided physical RAM map:
[    0.000000] BIOS-e820: [mem 0x0000000000000000-0x000000000009fbff] usable
[    0.000000] BIOS-e820: [mem 0x000000000009fc00-0x000000000009ffff] reserved
[    0.000000] BIOS-e820: [mem 0x00000000000f0000-0x00000000000fffff] reserved
[    0.000000] BIOS-e820: [mem 0x0000000000100000-0x000000007ffeffff] usable
[    0.000000] BIOS-e820: [mem 0x000000007fff0000-0x000000007fffffff] ACPI data
[    0.000000] BIOS-e820: [mem 0x00000000fec00000-0x00000000fec00fff] reserved
[    0.000000] BIOS-e820: [mem 0x00000000fee00000-0x00000000fee00fff] reserved
[    0.000000] BIOS-e820: [mem 0x00000000fffc0000-0x00000000ffffffff] reserved
[    0.000000] NX (Execute Disable) protection: active
[    0.000000] SMBIOS 2.5 present.
[    0.000000] Hypervisor detected: KVM
[    0.000000] e820: last_pfn = 0x7fff0 max_arch_pfn = 0x400000000
[    0.000000] MTRR: Disabled
[    0.000000] x86/PAT: MTRRs disabled, skipping PAT initialization too.
[    0.000000] CPU MTRRs all blank - virtualized system.
[    0.000000] x86/PAT: Configuration [0-7]: WB  WT  UC- UC  WB  WT  UC- UC  
[    0.000000] found SMP MP-table at [mem 0x0009fff0-0x0009ffff] mapped at [ffff88000009fff0]
[    0.000000] Scanning 1 areas for low memory corruption
[    0.000000] RAMDISK: [mem 0x3621c000-0x37105fff]
[    0.000000] ACPI: Early table checksum verification disabled
[    0.000000] ACPI: RSDP 0x00000000000E0000 000024 (v02 VBOX  )
[    0.000000] ACPI: XSDT 0x000000007FFF0030 00003C (v01 VBOX   VBOXXSDT 00000001 ASL  00000061)
[    0.000000] ACPI: FACP 0x000000007FFF00F0 0000F4 (v04 VBOX   VBOXFACP 00000001 ASL  00000061)
[    0.000000] ACPI: DSDT 0x000000007FFF0470 0021C8 (v02 VBOX   VBOXBIOS 00000002 INTL 20100528)
[    0.000000] ACPI: FACS 0x000000007FFF0200 000040
[    0.000000] ACPI: FACS 0x000000007FFF0200 000040
[    0.000000] ACPI: APIC 0x000000007FFF0240 00005C (v02 VBOX   VBOXAPIC 00000001 ASL  00000061)
[    0.000000] ACPI: SSDT 0x000000007FFF02A0 0001CC (v01 VBOX   VBOXCPUT 00000002 INTL 20100528)
[    0.000000] No NUMA configuration found
[    0.000000] Faking a node at [mem 0x0000000000000000-0x000000007ffeffff]
[    0.000000] NODE_DATA(0) allocated [mem 0x7ffeb000-0x7ffeffff]
[    0.000000] kvm-clock: Using msrs 4b564d01 and 4b564d00
[    0.000000] kvm-clock: cpu 0, msr 0:7ffe3001, primary cpu clock
[    0.000000] kvm-clock: using sched offset of 3378069614 cycles
[    0.000000] clocksource: kvm-clock: mask: 0xffffffffffffffff max_cycles: 0x1cd42e4dffb, max_idle_ns: 881590591483 ns
[    0.000000] Zone ranges:
[    0.000000]   DMA      [mem 0x0000000000001000-0x0000000000ffffff]
[    0.000000]   DMA32    [mem 0x0000000001000000-0x000000007ffeffff]
[    0.000000]   Normal   empty
[    0.000000]   Device   empty
[    0.000000] Movable zone start for each node
[    0.000000] Early memory node ranges
[    0.000000]   node   0: [mem 0x0000000000001000-0x000000000009efff]
[    0.000000]   node   0: [mem 0x0000000000100000-0x000000007ffeffff]
[    0.000000] Initmem setup node 0 [mem 0x0000000000001000-0x000000007ffeffff]
[    0.000000] ACPI: PM-Timer IO Port: 0x4008
[    0.000000] IOAPIC[0]: apic_id 2, version 32, address 0xfec00000, GSI 0-23
[    0.000000] ACPI: INT_SRC_OVR (bus 0 bus_irq 0 global_irq 2 dfl dfl)
[    0.000000] ACPI: INT_SRC_OVR (bus 0 bus_irq 9 global_irq 9 high level)
[    0.000000] Using ACPI (MADT) for SMP configuration information
[    0.000000] smpboot: Allowing 2 CPUs, 0 hotplug CPUs
[    0.000000] PM: Registered nosave memory: [mem 0x00000000-0x00000fff]
[    0.000000] PM: Registered nosave memory: [mem 0x0009f000-0x0009ffff]
[    0.000000] PM: Registered nosave memory: [mem 0x000a0000-0x000effff]
[    0.000000] PM: Registered nosave memory: [mem 0x000f0000-0x000fffff]
[    0.000000] e820: [mem 0x80000000-0xfebfffff] available for PCI devices
[    0.000000] Booting paravirtualized kernel on KVM
[    0.000000] clocksource: refined-jiffies: mask: 0xffffffff max_cycles: 0xffffffff, max_idle_ns: 7645519600211568 ns
[    0.000000] setup_percpu: NR_CPUS:512 nr_cpumask_bits:512 nr_cpu_ids:2 nr_node_ids:1
[    0.000000] PERCPU: Embedded 34 pages/cpu @ffff88007fc00000 s99544 r8192 d31528 u1048576
[    0.000000] PV qspinlock hash table entries: 256 (order: 0, 4096 bytes)
[    0.000000] Built 1 zonelists in Node order, mobility grouping on.  Total pages: 515961
[    0.000000] Policy zone: DMA32
[    0.000000] Kernel command line: BOOT_IMAGE=/boot/vmlinuz-4.4.0-109-generic root=UUID=676eac73-81dc-4fbd-bdea-aebcbe447240 ro console=tty1 console=ttyS0
[    0.000000] PID hash table entries: 4096 (order: 3, 32768 bytes)
[    0.000000] Memory: 2029452K/2096696K available (8485K kernel code, 1308K rwdata, 3988K rodata, 1508K init, 1316K bss, 67244K reserved, 0K cma-reserved)
[    0.000000] SLUB: HWalign=64, Order=0-3, MinObjects=0, CPUs=2, Nodes=1
[    0.000000] Kernel/User page tables isolation: enabled
[    0.000000] Hierarchical RCU implementation.
[    0.000000] 	Build-time adjustment of leaf fanout to 64.
[    0.000000] 	RCU restricting CPUs from NR_CPUS=512 to nr_cpu_ids=2.
[    0.000000] RCU: Adjusting geometry for rcu_fanout_leaf=64, nr_cpu_ids=2
[    0.000000] NR_IRQS:33024 nr_irqs:440 16
[    0.000000] Console: colour VGA+ 80x25
[    0.000000] console [tty1] enabled
[    0.000000] console [ttyS0] enabled
[    0.000000] tsc: Detected 2303.998 MHz processor
[    3.769473] Calibrating delay loop (skipped) preset value.. 4607.99 BogoMIPS (lpj=9215992)
[    3.771099] pid_max: default: 32768 minimum: 301
[    3.771959] ACPI: Core revision 20150930
[    3.773472] ACPI: 2 ACPI AML tables successfully acquired and loaded
[    3.774687] Security Framework initialized
[    3.775470] Yama: becoming mindful.
[    3.776189] AppArmor: AppArmor initialized
[    3.778308] Dentry cache hash table entries: 262144 (order: 9, 2097152 bytes)
[    3.841563] Inode-cache hash table entries: 131072 (order: 8, 1048576 bytes)
[    3.844924] Mount-cache hash table entries: 4096 (order: 3, 32768 bytes)
[    3.867658] Mountpoint-cache hash table entries: 4096 (order: 3, 32768 bytes)
[    3.868999] Initializing cgroup subsys io
[    3.869760] Initializing cgroup subsys memory
[    3.870563] Initializing cgroup subsys devices
[    3.871415] Initializing cgroup subsys freezer
[    3.872260] Initializing cgroup subsys net_cls
[    3.873062] Initializing cgroup subsys perf_event
[    3.873902] Initializing cgroup subsys net_prio
[    3.874776] Initializing cgroup subsys hugetlb
[    3.875581] Initializing cgroup subsys pids
[    3.876534] CPU: Physical Processor ID: 0
[    3.877321] CPU: Processor Core ID: 0
[    3.879029] mce: CPU supports 0 MCE banks
[    3.879797] Last level iTLB entries: 4KB 64, 2MB 8, 4MB 8
[    3.880804] Last level dTLB entries: 4KB 64, 2MB 0, 4MB 0, 1GB 4
[    3.883742] Freeing SMP alternatives memory: 32K
[    3.921724] ftrace: allocating 32171 entries in 126 pages
[    3.979259] smpboot: APIC(0) Converting physical 0 to logical package 0
[    3.997173] smpboot: Max logical packages: 1
[    3.998193] x2apic enabled
[    4.010462] Switched APIC routing to physical x2apic.
[    4.024699] ..TIMER: vector=0x30 apic1=0 pin1=2 apic2=-1 pin2=-1
[    4.132622] smpboot: CPU0: Intel(R) Core(TM) i5-7360U CPU @ 2.30GHz (family: 0x6, model: 0x8e, stepping: 0x9)
[    4.266545] Performance Events: unsupported p6 CPU model 142 no PMU driver, software events only.
[    4.268250] KVM setup paravirtual spinlock
[    4.271031] x86: Booting SMP configuration:
[    4.277501] .... node  #0, CPUs:      #1
[    4.278333] kvm-clock: cpu 1, msr 0:7ffe3041, secondary cpu clock
[    4.323609] mce: CPU supports 0 MCE banks
[    4.357209] x86: Booted up 1 node, 2 CPUs
[    4.362904] smpboot: Total of 2 processors activated (9215.99 BogoMIPS)
[    4.373672] devtmpfs: initialized
[    4.387025] evm: security.selinux
[    4.390236] evm: security.SMACK64
[    4.402169] evm: security.SMACK64EXEC
[    4.404444] evm: security.SMACK64TRANSMUTE
[    4.409621] evm: security.SMACK64MMAP
[    4.410322] evm: security.ima
[    4.410925] evm: security.capability
[    4.411793] clocksource: jiffies: mask: 0xffffffff max_cycles: 0xffffffff, max_idle_ns: 7645041785100000 ns
[    4.417631] futex hash table entries: 512 (order: 3, 32768 bytes)
[    4.418799] pinctrl core: initialized pinctrl subsystem
[    4.430102] RTC time:  5:00:17, date: 02/19/18
[    4.447873] NET: Registered protocol family 16
[    4.505695] cpuidle: using governor ladder
[    4.549158] cpuidle: using governor menu
[    4.567151] PCCT header not found.
[    4.567880] ACPI: bus type PCI registered
[    4.568712] acpiphp: ACPI Hot Plug PCI Controller Driver version: 0.5
[    4.593930] PCI: Using configuration type 1 for base access
[    4.630349] ACPI: Added _OSI(Module Device)
[    4.642777] ACPI: Added _OSI(Processor Device)
[    4.652257] ACPI: Added _OSI(3.0 _SCP Extensions)
[    4.653106] ACPI: Added _OSI(Processor Aggregator Device)
[    4.654711] ACPI: Executed 1 blocks of module-level executable AML code
[    4.727814] ACPI: Interpreter enabled
[    4.751850] ACPI: (supports S0 S5)
[    4.752521] ACPI: Using IOAPIC for interrupt routing
[    4.768807] PCI: Using host bridge windows from ACPI; if necessary, use "pci=nocrs" and report a bug
[    4.809305] ACPI: PCI Root Bridge [PCI0] (domain 0000 [bus 00-ff])
[    4.843861] acpi PNP0A03:00: _OSC: OS supports [ASPM ClockPM Segments MSI]
[    4.868967] acpi PNP0A03:00: _OSC failed (AE_NOT_FOUND); disabling ASPM
[    4.933586] acpi PNP0A03:00: fail to add MMCONFIG information, can't access extended PCI configuration space under this bridge.
[    5.030239] PCI host bridge to bus 0000:00
[    5.047202] pci_bus 0000:00: root bus resource [io  0x0000-0x0cf7 window]
[    5.048324] pci_bus 0000:00: root bus resource [io  0x0d00-0xffff window]
[    5.049495] pci_bus 0000:00: root bus resource [mem 0x000a0000-0x000bffff window]
[    5.176503] pci_bus 0000:00: root bus resource [mem 0x80000000-0xffdfffff window]
[    5.252788] pci_bus 0000:00: root bus resource [bus 00-ff]
[    5.276580] pci 0000:00:01.1: legacy IDE quirk: reg 0x10: [io  0x01f0-0x01f7]
[    5.291892] pci 0000:00:01.1: legacy IDE quirk: reg 0x14: [io  0x03f6]
[    5.362167] pci 0000:00:01.1: legacy IDE quirk: reg 0x18: [io  0x0170-0x0177]
[    5.485736] pci 0000:00:01.1: legacy IDE quirk: reg 0x1c: [io  0x0376]
[    5.602828] pci 0000:00:07.0: quirk: [io  0x4000-0x403f] claimed by PIIX4 ACPI
[    5.694397] pci 0000:00:07.0: quirk: [io  0x4100-0x410f] claimed by PIIX4 SMB
[    5.790188] ACPI: PCI Interrupt Link [LNKA] (IRQs 5 9 10 *11)
[    5.850763] ACPI: PCI Interrupt Link [LNKB] (IRQs 5 9 10 *11)
[    5.931039] ACPI: PCI Interrupt Link [LNKC] (IRQs 5 9 *10 11)
[    5.991331] ACPI: PCI Interrupt Link [LNKD] (IRQs 5 *9 10 11)
[    6.063682] ACPI: Enabled 2 GPEs in block 00 to 07
[    6.084740] vgaarb: setting as boot device: PCI:0000:00:02.0
[    6.092153] vgaarb: device added: PCI:0000:00:02.0,decodes=io+mem,owns=io+mem,locks=none
[    6.158056] vgaarb: loaded
[    6.186947] vgaarb: bridge control possible 0000:00:02.0
[    6.191028] SCSI subsystem initialized
[    6.199096] ACPI: bus type USB registered
[    6.199872] usbcore: registered new interface driver usbfs
[    6.207502] usbcore: registered new interface driver hub
[    6.267112] usbcore: registered new device driver usb
[    6.309082] PCI: Using ACPI for IRQ routing
[    6.350123] NetLabel: Initializing
[    6.350796] NetLabel:  domain hash size = 128
[    6.351696] NetLabel:  protocols = UNLABELED CIPSOv4
[    6.395455] NetLabel:  unlabeled traffic allowed by default
[    6.467759] amd_nb: Cannot enumerate AMD northbridges
[    6.549206] clocksource: Switched to clocksource kvm-clock
[    6.579197] AppArmor: AppArmor Filesystem Enabled
[    6.591774] pnp: PnP ACPI init
[    6.600513] pnp: PnP ACPI: found 3 devices
[    6.615855] clocksource: acpi_pm: mask: 0xffffff max_cycles: 0xffffff, max_idle_ns: 2085701024 ns
[    6.622182] NET: Registered protocol family 2
[    6.623523] TCP established hash table entries: 16384 (order: 5, 131072 bytes)
[    6.648921] TCP bind hash table entries: 16384 (order: 6, 262144 bytes)
[    6.650066] TCP: Hash tables configured (established 16384 bind 16384)
[    6.656987] UDP hash table entries: 1024 (order: 3, 32768 bytes)
[    6.659277] UDP-Lite hash table entries: 1024 (order: 3, 32768 bytes)
[    6.660405] NET: Registered protocol family 1
[    6.666767] pci 0000:00:00.0: Limiting direct PCI/PCI transfers
[    6.708352] pci 0000:00:01.0: Activating ISA DMA hang workarounds
[    6.735140] Unpacking initramfs...
[    6.942136] Freeing initrd memory: 15272K
[    6.977359] platform rtc_cmos: registered platform RTC device (no PNP device found)
[    7.074065] Scanning for low memory corruption every 60 seconds
[    7.146346] audit: initializing netlink subsys (disabled)
[    7.221605] audit: type=2000 audit(1519016419.311:1): initialized
[    7.239055] Initialise system trusted keyring
[    7.257132] HugeTLB registered 2 MB page size, pre-allocated 0 pages
[    7.308453] zbud: loaded
[    7.363017] VFS: Disk quotas dquot_6.6.0
[    7.437640] VFS: Dquot-cache hash table entries: 512 (order 0, 4096 bytes)
[    7.584262] squashfs: version 4.0 (2009/01/31) Phillip Lougher
[    7.712253] fuse init (API version 7.23)
[    7.807631] Key type big_key registered
[    7.835479] Allocating IMA MOK and blacklist keyrings.
[    7.954855] Key type asymmetric registered
[    7.973260] tsc: Refined TSC clocksource calibration: 2304.047 MHz
[    7.973262] clocksource: tsc: mask: 0xffffffffffffffff max_cycles: 0x21362437f93, max_idle_ns: 440795225411 ns
[    8.082155] Asymmetric key parser 'x509' registered
[    8.133834] Block layer SCSI generic (bsg) driver version 0.4 loaded (major 249)
[    8.231321] io scheduler noop registered
[    8.269537] io scheduler deadline registered (default)
[    8.330809] io scheduler cfq registered
[    8.425457] pci_hotplug: PCI Hot Plug PCI Core version: 0.5
[    8.516972] pciehp: PCI Express Hot Plug Controller Driver version: 0.4
[    8.612834] ACPI: AC Adapter [AC] (off-line)
[    8.680200] input: Power Button as /devices/LNXSYSTM:00/LNXPWRBN:00/input/input0
[    8.691874] ACPI: Power Button [PWRF]
[    8.692658] input: Sleep Button as /devices/LNXSYSTM:00/LNXSLPBN:00/input/input1
[    8.694297] ACPI: Sleep Button [SLPF]
[    8.698382] GHES: HEST is not enabled!
[    8.699189] ACPI: Battery Slot [BAT0] (battery present)
[    8.724407] Serial: 8250/16550 driver, 32 ports, IRQ sharing enabled
ÿ[    8.778605] 00:02: ttyS0 at I/O 0x3f8 (irq = 4, base_baud = 115200) is a 16550A
[    8.811282] Linux agpgart interface v0.103
[    8.823118] loop: module loaded
[    8.855794] scsi host0: ata_piix
[    8.921448] scsi host1: ata_piix
[    8.939379] ata1: PATA max UDMA/33 cmd 0x1f0 ctl 0x3f6 bmdma 0xd000 irq 14
[    8.992787] ata2: PATA max UDMA/33 cmd 0x170 ctl 0x376 bmdma 0xd008 irq 15
[    9.096377] libphy: Fixed MDIO Bus: probed
[    9.124994] tun: Universal TUN/TAP device driver, 1.6
[    9.197845] tun: (C) 1999-2004 Max Krasnyansky <maxk@qualcomm.com>
[    9.311460] PPP generic driver version 2.4.2
[    9.370259] ehci_hcd: USB 2.0 'Enhanced' Host Controller (EHCI) Driver
[    9.407384] ehci-pci: EHCI PCI platform driver
[    9.525265] ehci-platform: EHCI generic platform driver
[    9.614305] ohci_hcd: USB 1.1 'Open' Host Controller (OHCI) Driver
[    9.732737] ohci-pci: OHCI PCI platform driver
[    9.749309] ohci-platform: OHCI generic platform driver
[    9.750239] uhci_hcd: USB Universal Host Controller Interface driver
[    9.751449] i8042: PNP: PS/2 Controller [PNP0303:PS2K,PNP0f03:PS2M] at 0x60,0x64 irq 1,12
[    9.822490] serio: i8042 KBD port at 0x60,0x64 irq 1
[    9.844710] serio: i8042 AUX port at 0x60,0x64 irq 12
[    9.864626] mousedev: PS/2 mouse device common for all mice
[    9.885506] input: AT Translated Set 2 keyboard as /devices/platform/i8042/serio0/input/input2
[    9.945390] rtc_cmos rtc_cmos: rtc core: registered rtc_cmos as rtc0
[    9.976280] rtc_cmos rtc_cmos: alarms up to one day, 114 bytes nvram
[   10.025193] i2c /dev entries driver
[   10.106621] device-mapper: uevent: version 1.0.3
[   10.239126] device-mapper: ioctl: 4.34.0-ioctl (2015-10-28) initialised: dm-devel@redhat.com
[   10.251474] ledtrig-cpu: registered to indicate activity on CPUs
[   10.256537] NET: Registered protocol family 10
[   10.264075] NET: Registered protocol family 17
[   10.268412] Key type dns_resolver registered
[   10.311328] microcode: CPU0 sig=0x806e9, pf=0x8, revision=0x0
[   10.314339] microcode: CPU1 sig=0x806e9, pf=0x8, revision=0x0
[   10.323840] microcode: Microcode Update Driver: v2.01 <tigran@aivazian.fsnet.co.uk>, Peter Oruba
[   10.333992] registered taskstats version 1
[   10.335773] Loading compiled-in X.509 certificates
[   10.337191] Loaded X.509 cert 'Build time autogenerated kernel key: 96e61bd247bb6c4e82ca419795a98fcb171b0e99'
[   10.346833] zswap: loaded using pool lzo/zbud
[   10.349684] Key type trusted registered
[   10.354719] Key type encrypted registered
[   10.363383] AppArmor: AppArmor sha1 policy hashing enabled
[   10.367572] ima: No TPM chip found, activating TPM-bypass!
[   10.368642] evm: HMAC attrs: 0x1
[   10.369683]   Magic number: 6:890:11
[   10.379907] rtc_cmos rtc_cmos: setting system clock to 2018-02-19 05:00:23 UTC (1519016423)
[   10.387934] BIOS EDD facility v0.16 2004-Jun-25, 0 devices found
[   10.401589] EDD information not available.
[   10.403218] Freeing unused kernel memory: 1508K
[   10.403905] Write protecting the kernel read-only data: 14336k
[   10.405097] Freeing unused kernel memory: 1744K
[   10.405987] Freeing unused kernel memory: 108K
Loading, please [   10.417995] random: systemd-udevd: uninitialized urandom read (16 bytes read, 3 bits of entropy available)
wait...
startin[   10.418465] random: udevadm: uninitialized urandom read (16 bytes read, 3 bits of entropy available)
g version 229
[   10.418483] random: udevadm: uninitialized urandom read (16 bytes read, 3 bits of entropy available)
[   10.426778] random: udevadm: uninitialized urandom read (16 bytes read, 3 bits of entropy available)
[   10.426814] random: udevadm: uninitialized urandom read (16 bytes read, 3 bits of entropy available)
[   10.426945] random: udevadm: uninitialized urandom read (16 bytes read, 3 bits of entropy available)
[   10.426996] random: udevadm: uninitialized urandom read (16 bytes read, 3 bits of entropy available)
[   10.427047] random: udevadm: uninitialized urandom read (16 bytes read, 3 bits of entropy available)
[   10.427096] random: udevadm: uninitialized urandom read (16 bytes read, 3 bits of entropy available)
[   10.427145] random: udevadm: uninitialized urandom read (16 bytes read, 3 bits of entropy available)
[   10.866899] Fusion MPT base driver 3.04.20
[   10.965198] Copyright (c) 1999-2008 LSI Corporation
[   11.033887] Fusion MPT SPI Host driver 3.04.20
[   11.070620] mptbase: ioc0: Initiating bringup
[   11.096419] AVX version of gcm_enc/dec engaged.
[   11.100577] e1000: Intel(R) PRO/1000 Network Driver - version 7.3.21-k8-NAPI
[   11.100578] e1000: Copyright (c) 1999-2006 Intel Corporation.
[   11.242544] AES CTR mode by8 optimization enabled
[   11.247653] input: ImExPS/2 Generic Explorer Mouse as /devices/platform/i8042/serio1/input/input4
[   11.325376] ioc0: LSI53C1030 A0: Capabilities={Initiator}
[   11.517845] scsi host2: ioc0: LSI53C1030 A0, FwRev=00000000h, Ports=1, MaxQ=256, IRQ=20
[   11.658871] scsi 2:0:0:0: Direct-Access     VBOX     HARDDISK         1.0  PQ: 0 ANSI: 5
[   11.663847] scsi target2:0:0: Beginning Domain Validation
[   11.730495] scsi target2:0:0: Domain Validation skipping write tests
[   11.770999] scsi target2:0:0: Ending Domain Validation
[   11.840858] scsi target2:0:0: asynchronous
[   11.888647] scsi 2:0:1:0: Direct-Access     VBOX     HARDDISK         1.0  PQ: 0 ANSI: 5
[   11.942515] scsi target2:0:1: Beginning Domain Validation
[   11.958099] scsi target2:0:1: Domain Validation skipping write tests
[   11.971081] scsi target2:0:1: Ending Domain Validation
[   11.983893] scsi target2:0:1: asynchronous
[   11.994161] sd 2:0:0:0: Attached scsi generic sg0 type 0
[   12.001095] sd 2:0:0:0: [sda] 20971520 512-byte logical blocks: (10.7 GB/10.0 GiB)
[   12.001185] sd 2:0:1:0: Attached scsi generic sg1 type 0
[   12.001369] sd 2:0:1:0: [sdb] 20480 512-byte logical blocks: (10.5 MB/10.0 MiB)
[   12.001483] sd 2:0:1:0: [sdb] Write Protect is off
[   12.001565] sd 2:0:1:0: [sdb] Incomplete mode parameter data
[   12.001565] sd 2:0:1:0: [sdb] Assuming drive cache: write through
[   12.007129] sd 2:0:1:0: [sdb] Attached SCSI disk
[   12.110761] sd 2:0:0:0: [sda] Write Protect is off
[   12.174546] sd 2:0:0:0: [sda] Incomplete mode parameter data
[   12.176665] sd 2:0:0:0: [sda] Assuming drive cache: write through
[   12.189332]  sda: sda1
[   12.192154] sd 2:0:0:0: [sda] Attached SCSI disk
[   12.255848] e1000 0000:00:03.0 eth0: (PCI:33MHz:32-bit) 02:38:07:4c:82:85
[   12.341585] e1000 0000:00:03.0 eth0: Intel(R) PRO/1000 Network Connection
[   12.422905] e1000 0000:00:03.0 enp0s3: renamed from eth0
[   14.029288] floppy0: no floppy controllers found
Begin: Loading essential drivers ... [   15.519814] md: linear personality registered for level -1
[   15.559298] md: multipath personality registered for level -4
[   15.605405] md: raid0 personality registered for level 0
[   15.650457] md: raid1 personality registered for level 1
[   15.737202] raid6: sse2x1   gen() 10062 MB/s
[   15.817609] raid6: sse2x1   xor()  6550 MB/s
[   15.913244] raid6: sse2x2   gen() 12166 MB/s
[   16.009288] raid6: sse2x2   xor()  8570 MB/s
[   16.125414] raid6: sse2x4   gen() 14216 MB/s
[   16.217516] raid6: sse2x4   xor() 10020 MB/s
[   16.235402] raid6: using algorithm sse2x4 gen() 14216 MB/s
[   16.236355] raid6: .... xor() 10020 MB/s, rmw enabled
[   16.248239] raid6: using ssse3x2 recovery algorithm
[   16.250222] xor: automatically using best checksumming function:
[   16.305218]    avx       : 38637.000 MB/sec
[   16.308347] async_tx: api initialized (async)
[   16.343872] md: raid6 personality registered for level 6
[   16.489926] md: raid5 personality registered for level 5
[   16.556858] md: raid4 personality registered for level 4
[   16.591620] md: raid10 personality registered for level 10
done.
Begin: Running /scripts/init-premount ... done.
Begin: Mounting root file syst[   16.691069] Btrfs loaded
em ... Begin: Running /scripts/local-top ... done.
Begin: Running /scripts/local-premount ... Scanning for Btrfs filesystems
done.
Warning: fsck no[   16.760131] EXT4-fs (sda1): INFO: recovery required on readonly filesystem
t present, so sk[   16.834088] EXT4-fs (sda1): write access will be enabled during recovery
ipping root file system
[   17.034280] EXT4-fs (sda1): orphan cleanup on readonly fs
[   17.145383] EXT4-fs (sda1): 24 orphan inodes deleted
[   17.264149] EXT4-fs (sda1): recovery complete
[   17.395782] EXT4-fs (sda1): mounted filesystem with ordered data mode. Opts: (null)
done.
Begin: Running /scripts/local-bottom ... done.
Begin: Running /scripts/init-bottom ... done.
[   17.614261] systemd[1]: systemd 229 running in system mode. (+PAM +AUDIT +SELINUX +IMA +APPARMOR +SMACK +SYSVINIT +UTMP +LIBCRYPTSETUP +GCRYPT +GNUTLS +ACL +XZ -LZ4 +SECCOMP +BLKID +ELFUTILS +KMOD -IDN)
[   17.748063] systemd[1]: Detected virtualization oracle.
[   17.750845] systemd[1]: Detected architecture x86-64.

Welcome to [1mUbuntu 16.04.3 LTS[0m!

[   17.803388] systemd[1]: Set hostname to <ubuntu-xenial>.
[   18.074979] random: nonblocking pool is initialized
[   18.233868] systemd[1]: Created slice System Slice.
[[0;32m  OK  [0m] Created slice System Slice.
[   18.408810] systemd[1]: Listening on LVM2 metadata daemon socket.
[[0;32m  OK  [0m] Listening on LVM2 metadata daemon socket.
[   18.621433] systemd[1]: Reached target Encrypted Volumes.
[[0;32m  OK  [0m] Reached target Encrypted Volumes.
[   18.726038] systemd[1]: Created slice system-serial\x2dgetty.slice.
[[0;32m  OK  [0m] Created slice system-serial\x2dgetty.slice.
[   18.781815] systemd[1]: Listening on /dev/initctl Compatibility Named Pipe.
[[0;32m  OK  [0m] Listening on /dev/initctl Compatibility Named Pipe.
[   18.977829] systemd[1]: Reached target User and Group Name Lookups.
[[0;32m  OK  [0m] Reached target User and Group Name Lookups.
[   19.162188] systemd[1]: Reached target Swap.
[[0;32m  OK  [0m] Reached target Swap.
[   19.302602] systemd[1]: Created slice User and Session Slice.
[[0;32m  OK  [0m] Created slice User and Session Slice.
[   19.553775] systemd[1]: Reached target Slices.
[[0;32m  OK  [0m] Reached target Slices.
[   19.753980] systemd[1]: Started Trigger resolvconf update for networkd DNS.
[[0;32m  OK  [0m] Started Trigger resolvconf update for networkd DNS.
[   19.875293] systemd[1]: Set up automount Arbitrary Executable File Formats File System Automount Point.
[[0;32m  OK  [0m] Set up automount Arbitrary Executab...ats File System Automount Point.
[   20.137548] systemd[1]: Listening on Journal Socket.
[[0;32m  OK  [0m] Listening on Journal Socket.
[   20.185755] systemd[1]: Starting Set console keymap...
         Starting Set console keymap...
[   20.230498] systemd[1]: Mounting Huge Pages File System...
         Mounting Huge Pages File System...
[   20.236384] systemd[1]: Starting Uncomplicated firewall...
         Starting Uncomplicated firewall...
[   20.279391] systemd[1]: Starting Load Kernel Modules...
[   20.295862] Loading iSCSI transport class v2.0-870.
         Starting Load Kernel Modules...
[   20.320481] systemd[1]: Starting Create list of required static device nodes for the current kernel...
         Startin[   20.334440] iscsi: registered transport (tcp)
g Create list of required st... nodes for the current kernel...
[   20.400337] systemd[1]: Started Forward Password Requests to Wall Directory Watch.
[[0;32m  OK  [0m] Started Forwa[   20.507194] iscsi: registered transport (iser)
rd Password Requests to Wall Directory Watch.
[   20.573766] systemd[1]: Starting Remount Root and Kernel File Systems...
         [   20.628957] EXT4-fs (sda1): re-mounted. Opts: (null)
Starting Remount Root and Kernel File Systems...
[   20.641886] systemd[1]: Listening on udev Kernel Socket.
[[0;32m  OK  [0m] Listening on udev Kernel Socket.
[   20.729050] systemd[1]: Listening on LVM2 poll daemon socket.
[[0;32m  OK  [0m] Listening on LVM2 poll daemon socket.
[   20.785813] systemd[1]: Listening on Journal Audit Socket.
[[0;32m  OK  [0m] Listening on Journal Audit Socket.
[   20.873786] systemd[1]: Listening on Journal Socket (/dev/log).
[[0;32m  OK  [0m] Listening on Journal Socket (/dev/log).
[   21.041868] systemd[1]: Listening on Syslog Socket.
[[0;32m  OK  [0m] Listening on Syslog Socket.
[   21.161394] systemd[1]: Starting Journal Service...
         Starting Journal Service...
[   21.254436] systemd[1]: Listening on udev Control Socket.
[[0;32m  OK  [0m] Listening on udev Control Socket.
[   21.409597] systemd[1]: Starting Nameserver information manager...
         Starting Nameserver information manager...
[   21.562241] systemd[1]: Mounting POSIX Message Queue File System...
         Mounting POSIX Message Queue File System...
[   21.702164] systemd[1]: Listening on Device-mapper event daemon FIFOs.
[[0;32m  OK  [0m] Listening on Device-mapper event daemon FIFOs.
[   21.869831] systemd[1]: Starting Monitoring of LVM2 mirrors, snapshots etc. using dmeventd or progress polling...
         Starting Monitoring of LVM2 mirrors... dmeventd or progress polling...
[   21.970792] systemd[1]: Mounting Debug File System...
         Mounting Debug File System...
[   22.062711] systemd[1]: Mounted POSIX Message Queue File System.
[[0;32m  OK  [0m] Mounted POSIX Message Queue File System.
[   22.181764] systemd[1]: Mounted Huge Pages File System.
[[0;32m  OK  [0m] Mounted Huge Pages File System.
[   22.353824] systemd[1]: Mounted Debug File System.
[[0;32m  OK  [0m] Mounted Debug File System.
[   22.522013] systemd[1]: Started Journal Service.
[[0;32m  OK  [0m] Started Journal Service.
[[0;32m  OK  [0m] Started Set console keymap.
[[0;32m  OK  [0m] Started Uncomplicated firewall.
[[0;32m  OK  [0m] Started Load Kernel Modules.
[[0;32m  OK  [0m] Started Create list of required sta...ce nodes for the current kernel.
[[0;32m  OK  [0m] Started Remount Root and Kernel File Systems.
[[0;32m  OK  [0m] Started Nameserver information manager.
[[0;32m  OK  [0m] Started LVM2 metadata daemon.
         Starting Initial cloud-init job (pre-networking)...
         Starting Load/Save Random Seed...
         Starting udev Coldplug all Devices...
         Starting Create Static Device Nodes in /dev...
         Starting Apply Kernel Variables...
         Mounting FUSE Control File System...
         Starting Flush Journal to Persistent Storage...
[[0;32m  OK  [0m] Mounted FUSE Control File System.
[[0;32m  OK  [0m] Started Load/Save Random Seed.
[[0;32m  OK  [0m] Started Create Static Device Nodes in /dev.
[[0;32m  OK  [0m] Started Apply Kernel Variables.
[[0;32m  OK  [0m] Started udev Coldplug all Devices.
[[0;32m  OK  [0m] Started Flush Journal to Persistent Storage.
[[0;32m  OK  [0m] Started Monitoring of LVM2 mirrors,...ng dmeventd or progress polling.
         Starting udev Kernel Device Manager...
[[0;32m  OK  [0m] Started udev Kernel Device Manager.
[[0;32m  OK  [0m] Started Dispatch Password Requests to Console Directory Watch.
[[0;32m  OK  [0m] Reached target Local File Systems (Pre).
[[0;32m  OK  [0m] Reached target Local File Systems.
         Starting Tell Plymouth To Write Out Runtime Data...
         Starting LSB: AppArmor initialization...
         Starting Create Volatile Files and Directories...
         Starting Set console font and keymap...
[[0;32m  OK  [0m] Started Tell Plymouth To Write Out Runtime Data.
[[0;32m  OK  [0m] Started Create Volatile Files and Directories.
[[0;32m  OK  [0m] Found device /dev/ttyS0.
[[0;32m  OK  [0m] Listening on Load/Save RF Kill Switch Status /dev/rfkill Watch.
[   18.077302] cloud-init[453]: Cloud-init v. 17.1 running 'init-local' at Mon, 19 Feb 2018 05:00:36 +0000. Up 17.72 seconds.
         Starting Update UTMP about System Boot/Shutdown...
[[0;32m  OK  [0m] Reached target System Time Synchronized.
[[0;32m  OK  [0m] Started LSB: AppArmor initialization.
[[0;32m  OK  [0m] Started Set console font and keymap.
[[0;32m  OK  [0m] Started Initial cloud-init job (pre-networking).
[[0;32m  OK  [0m] Started Update UTMP about System Boot/Shutdown.
[[0;32m  OK  [0m] Reached target Network (Pre).
[[0;32m  OK  [0m] Started ifup for enp0s3.
[[0;32m  OK  [0m] Created slice system-getty.slice.
         Starting Raise network interfaces...
[[0;32m  OK  [0m] Started Raise network interfaces.
[[0;32m  OK  [0m] Reached target Network.
         Starting Initial cloud-init job (metadata service crawler)...
[   21.399493] cloud-init[977]: Cloud-init v. 17.1 running 'init' at Mon, 19 Feb 2018 05:00:40 +0000. Up 21.09 seconds.
[[0;32m  OK  [0m] Started Initial cloud-init job (metadata service crawler).
[[0;32m  OK  [0m] Reached target Cloud-config availability.
[[0;32m  OK  [0m] Reached target System Initialization.
[   21.514732] cloud-init[977]: ci-info: +++++++++++++++++++++++++++++++++++++Net device info+++++++++++++++++++++++++++++++++++++
[   21.684921]          cloud-initStarting Socket activation for snappy daemon.[977]: 
ci-info: +--------+------+---------------------------+---------------+-------+-------------------+
[   21.752384] [cloud-init[0;32m  OK  [0m[977]: ] ci-info: | Device |  Up  |          Address          |      Mask     | Scope |     Hw-Address    |Listening on UUID daemon activation socket.

[[0;32m  OK  [0m] Started Daily Cleanup of Temporary Directories.
[   21.752841] cloud-init[977]: ci-info: +--------+------+---------------------------+---------------+-------+-------------------+
[   21.976615] [cloud-init[0;32m  OK  [0m[977]: ] ci-info: | enp0s3 | True |         10.0.2.15         | 255.255.255.0 |   .   | 02:38:07:4c:82:85 |Started ACPI Events Check.

[[0;32m  OK  [0m] Reached target Paths.
[   21.977277] [cloud-init[0;32m  OK  [0m[977]: ] ci-info: | enp0s3 | True | fe80::38:7ff:fe4c:8285/64 |       .       |  link | 02:38:07:4c:82:85 |Listening on ACPID Listen Socket.

[   22.183621] [cloud-init[0;32m  OK  [0m[977]: ] ci-info: |   lo   | True |         127.0.0.1         |   255.0.0.0   |   .   |         .         |Listening on D-Bus System Message Bus Socket.

[   22.184079] cloud-init[977]: ci-info: |   lo   | True |          ::1/128          |       .       |  host |         .         |
         Starting LXD - unix socket.
[   22.359998] cloud-init[977]: ci-info: +--------+------+---------------------------+---------------+-------+-------------------+
[   22.452594] cloud-init[977]: ci-info: +++++++++++++++++++++++++++Route IPv4 info++++++++++++++++++++++++++++
[[0;32m  OK  [0m] Started Daily apt download activities.
[[0;32m  OK  [0m] Started Timer to automatically refresh installed snaps.
[[0;32m  OK  [0m] Started Daily apt upgrade and clean activities.
[   22.453077] cloud-init[977]: ci-info: +-------+-------------+----------+---------------+-----------+-------+
[[0;32m  OK  [0m] Reached target Timers.
[[0;32m  OK  [0m] Reached target Network is Online.
[   22.625845] cloud-init[977]: ci-info: | Route | Destination | Gateway  |    Genmask    | Interface | Flags |
[   22.788352]          cloud-initStarting iSCSI initiator daemon (iscsid)...[977]: 
ci-info: +-------+-------------+----------+---------------+-----------+-------+
[   22.832576] [cloud-init[0;32m  OK  [0m[977]: ] ci-info: |   0   |   0.0.0.0   | 10.0.2.2 |    0.0.0.0    |   enp0s3  |   UG  |Listening on Socket activation for snappy daemon.

[   22.872620] [cloud-init[0;32m  OK  [0m[977]: ] ci-info: |   1   |   10.0.2.0  | 0.0.0.0  | 255.255.255.0 |   enp0s3  |   U   |Listening on LXD - unix socket.

[   22.873167] cloud-init[977]: ci-info: +-------+-------------+----------+---------------+-----------+-------+
[[0;32m  OK  [0m] Reached target Sockets.
[[0;32m  OK  [0m] Reached target Basic System.
[[0;32m  OK  [0m] Started D-Bus System Message Bus.
[[0;32m  OK  [0m] Started ACPI event daemon.
         Starting Login Service...
         Starting /etc/rc.local Compatibility...
         Starting LSB: MD monitoring daemon...
[[0;32m  OK  [0m] Started FUSE filesystem for LXC.
         Starting Accounts Service...
         Starting LXD - container startup/shutdown...
[[0;32m  OK  [0m] Started Deferred execution scheduler.
         Starting System Logging Service...
[[0;32m  OK  [0m] Started Regular background program processing daemon.
         Starting LSB: Record successful boot for GRUB...
         Starting OpenBSD Secure Shell server...
         Starting Snappy daemon...
         Starting Apply the settings specified in cloud-config...
[[0;32m  OK  [0m] Started Unattended Upgrades Shutdown.
[[0;32m  OK  [0m] Started System Logging Service.
[[0;32m  OK  [0m] Started OpenBSD Secure Shell server.
[[0;32m  OK  [0m] Started Snappy daemon.
[[0;32m  OK  [0m] Started iSCSI initiator daemon (iscsid).
[[0;32m  OK  [0m] Started /etc/rc.local Compatibility.
[[0;32m  OK  [0m] Started LXD - container startup/shutdown.
[[0;32m  OK  [0m] Started LSB: MD monitoring daemon.
[[0;32m  OK  [0m] Started Login Service.
[[0;32m  OK  [0m] Started LSB: Record successful boot for GRUB.
         Starting Authenticate and Authorize Users to Run Privileged Tasks...
         Starting Login to default iSCSI targets...
[[0;32m  OK  [0m] Started Authenticate and Authorize Users to Run Privileged Tasks.
[[0;32m  OK  [0m] Started Login to default iSCSI targets.
[[0;32m  OK  [0m] Started Accounts Service.
[[0;32m  OK  [0m] Reached target Remote File Systems (Pre).
[[0;32m  OK  [0m] Reached target Remote File Systems.
         Starting LSB: daemon to balance interrupts for SMP systems...
         Starting LSB: VirtualBox Linux Additions...
         Starting LSB: automatic crash report generation...
         Starting LSB: Set the CPU Frequency Scaling governor to "ondemand"...
         Starting Permit User Sessions...
[[0;32m  OK  [0m] Started Permit User Sessions.
         Starting Hold until boot process finishes up...
         Starting Terminate Plymouth Boot Screen...
[[0;32m  OK  [0m] Started LSB: daemon to balance interrupts for SMP systems.
[[0;32m  OK  [0m] Started LSB: VirtualBox Linux Additions.
[[0;32m  OK  [0m] Started LSB: automatic crash report generation.
[[0;32m  OK  [0m] Started LSB: Set the CPU Frequency Scaling governor to "ondemand".
[[0;32m  OK  [0m] Started Hold until boot process finishes up.
[[0;32m  OK  [0m] Started Terminate Plymouth Boot Screen.
[   24.304184] cloud-init[1083]: Cloud-init v. 17.1 running 'modules:config' at Mon, 19 Feb 2018 05:00:43 +0000. Up 24.18 seconds.
[[0;32m  OK  [0m] Created slice User Slice of vagrant.
[[0;32m  OK  [0m] Started Session 1 of user vagrant.
         Starting User Manager for UID 1000...
[[0;32m  OK  [0m] Started Getty on tty1.
         Starting Set console scheme...
[[0;32m  OK  [0m] Started Serial Getty on ttyS0.
[[0;32m  OK  [0m] Reached target Login Prompts.
[[0;32m  OK  [0m] Reached target Multi-User System.
[[0;32m  OK  [0m] Reached target Graphical Interface.
         Starting Update UTMP about System Runlevel Changes...
[[0;32m  OK  [0m] Started User Manager for UID 1000.
[[0;32m  OK  [0m] Started Apply the settings specified in cloud-config.
[[0;32m  OK  [0m] Started Set console scheme.
[[0;32m  OK  [0m] Started Update UTMP about System Runlevel Changes.
         Starting Execute cloud user/final scripts...
[   25.338863] cloud-init[1220]: Cloud-init v. 17.1 running 'modules:final' at Mon, 19 Feb 2018 05:00:44 +0000. Up 25.20 seconds.
[   25.347281] cloud-init[1220]: Cloud-init v. 17.1 finished at Mon, 19 Feb 2018 05:00:44 +0000. Datasource DataSourceNoCloud [seed=/dev/sdb][dsmode=net].  Up 25.33 seconds
[[0;32m  OK  [0m] Started Execute cloud user/final scripts.
[[0;32m  OK  [0m] Reached target Cloud-init target.

Ubuntu 16.04.3 LTS ubuntu-xenial ttyS0

ubuntu-xenial login: 